

================================================================
== Vitis HLS Report for 'vect_mult'
================================================================
* Date:           Mon Oct  2 15:00:55 2023

* Version:        2023.1 (Build 3854077 on May  4 2023)
* Project:        vect_mult_prj
* Solution:       solution1 (Vivado IP Flow Target)
* Product family: virtexuplus
* Target device:  xcu250-figd2104-2L-e


================================================================
== Performance Estimates
================================================================
+ Timing: 
    * Summary: 
    +--------+---------+----------+------------+
    |  Clock |  Target | Estimated| Uncertainty|
    +--------+---------+----------+------------+
    |ap_clk  |  4.00 ns|  2.920 ns|     1.08 ns|
    +--------+---------+----------+------------+

+ Latency: 
    * Summary: 
    +---------+---------+----------+----------+-----+-----+---------+
    |  Latency (cycles) |  Latency (absolute) |  Interval | Pipeline|
    |   min   |   max   |    min   |    max   | min | max |   Type  |
    +---------+---------+----------+----------+-----+-----+---------+
    |        ?|        ?|         ?|         ?|    ?|    ?|       no|
    +---------+---------+----------+----------+-----+-----+---------+

    + Detail: 
        * Instance: 
        N/A

        * Loop: 
        +-------------------+---------+---------+----------+-----------+-----------+------+----------+
        |                   |  Latency (cycles) | Iteration|  Initiation Interval  | Trip |          |
        |     Loop Name     |   min   |   max   |  Latency |  achieved |   target  | Count| Pipelined|
        +-------------------+---------+---------+----------+-----------+-----------+------+----------+
        |- VITIS_LOOP_12_1  |        ?|        ?|        19|          2|          1|     ?|       yes|
        +-------------------+---------+---------+----------+-----------+-----------+------+----------+

============================================================
+ Verbose Summary: Synthesis Manager
============================================================
InlineROM: 1
ExposeGlobal: 0
============================================================
+ Verbose Summary: CDFG Model
============================================================
IsTopModel: 1
ResetActiveHigh: 1
IsCombinational: 0
IsDatapathOnly: 0
HasWiredReturn: 1
HasMFsm: 2
HasVarLatency: 1
IsPipeline: 0
IsRtlPipelined: 0
IsInstanceOverlapped: 0
IsDontTouch: 0
HasImplIP: 0
IsGatedGlobalClock: 0

+ Individual pipeline summary: 
  * Pipeline-0: initiation interval (II) = 2, depth = 19


============================================================
+ Verbose Summary: Schedule
============================================================
* Number of FSM states : 21
* Pipeline : 1
  Pipeline-0 : II = 2, D = 19, States = { 2 3 4 5 6 7 8 9 10 11 12 13 14 15 16 17 18 19 20 }
* Dataflow Pipeline: 0

* FSM state transitions: 
1 --> 2 
2 --> 21 3 
3 --> 4 
4 --> 5 
5 --> 6 
6 --> 7 
7 --> 8 
8 --> 9 
9 --> 10 
10 --> 11 
11 --> 12 
12 --> 13 
13 --> 14 
14 --> 15 
15 --> 16 
16 --> 17 
17 --> 18 
18 --> 19 
19 --> 20 
20 --> 2 
21 --> 

* FSM state operations: 

State 1 <SV = 0> <Delay = 2.13>
ST_1 : Operation 22 [1/1] (0.00ns)   --->   "%i = alloca i32 1"   --->   Operation 22 'alloca' 'i' <Predicate = true> <Delay = 0.00>
ST_1 : Operation 23 [1/1] (1.00ns)   --->   "%c_read = read i64 @_ssdm_op_Read.s_axilite.i64, i64 %c" [vect_mult.cpp:3]   --->   Operation 23 'read' 'c_read' <Predicate = true> <Delay = 1.00> <CoreInst = "s_axilite">   --->   Core 122 's_axilite' <Latency = 0> <II = 1> <Delay = 1.00> <Adapter> <Opcode : 'read' 'write'>
ST_1 : Operation 24 [1/1] (1.00ns)   --->   "%b_read = read i64 @_ssdm_op_Read.s_axilite.i64, i64 %b" [vect_mult.cpp:3]   --->   Operation 24 'read' 'b_read' <Predicate = true> <Delay = 1.00> <CoreInst = "s_axilite">   --->   Core 122 's_axilite' <Latency = 0> <II = 1> <Delay = 1.00> <Adapter> <Opcode : 'read' 'write'>
ST_1 : Operation 25 [1/1] (1.00ns)   --->   "%a_read = read i64 @_ssdm_op_Read.s_axilite.i64, i64 %a" [vect_mult.cpp:3]   --->   Operation 25 'read' 'a_read' <Predicate = true> <Delay = 1.00> <CoreInst = "s_axilite">   --->   Core 122 's_axilite' <Latency = 0> <II = 1> <Delay = 1.00> <Adapter> <Opcode : 'read' 'write'>
ST_1 : Operation 26 [1/1] (1.00ns)   --->   "%size_read = read i32 @_ssdm_op_Read.s_axilite.i32, i32 %size" [vect_mult.cpp:3]   --->   Operation 26 'read' 'size_read' <Predicate = true> <Delay = 1.00> <CoreInst = "s_axilite">   --->   Core 122 's_axilite' <Latency = 0> <II = 1> <Delay = 1.00> <Adapter> <Opcode : 'read' 'write'>
ST_1 : Operation 27 [1/1] (0.00ns)   --->   "%trunc_ln3 = trunc i32 %size_read" [vect_mult.cpp:3]   --->   Operation 27 'trunc' 'trunc_ln3' <Predicate = true> <Delay = 0.00>
ST_1 : Operation 28 [1/1] (0.00ns)   --->   "%spectopmodule_ln3 = spectopmodule void @_ssdm_op_SpecTopModule, void @empty_11" [vect_mult.cpp:3]   --->   Operation 28 'spectopmodule' 'spectopmodule_ln3' <Predicate = true> <Delay = 0.00>
ST_1 : Operation 29 [1/1] (0.00ns)   --->   "%specinterface_ln0 = specinterface void @_ssdm_op_SpecInterface, i32 %gmem, void @empty, i32 0, i32 0, void @empty_0, i32 0, i32 0, void @empty_1, void @empty_2, void @empty_0, i32 16, i32 16, i32 16, i32 16, void @empty_0, void @empty_0, i32 4294967295, i32 0"   --->   Operation 29 'specinterface' 'specinterface_ln0' <Predicate = true> <Delay = 0.00>
ST_1 : Operation 30 [1/1] (0.00ns)   --->   "%specbitsmap_ln0 = specbitsmap void @_ssdm_op_SpecBitsMap, i32 %gmem"   --->   Operation 30 'specbitsmap' 'specbitsmap_ln0' <Predicate = true> <Delay = 0.00>
ST_1 : Operation 31 [1/1] (0.00ns)   --->   "%specbitsmap_ln0 = specbitsmap void @_ssdm_op_SpecBitsMap, i32 %size"   --->   Operation 31 'specbitsmap' 'specbitsmap_ln0' <Predicate = true> <Delay = 0.00>
ST_1 : Operation 32 [1/1] (0.00ns)   --->   "%specinterface_ln0 = specinterface void @_ssdm_op_SpecInterface, i32 %size, void @empty_3, i32 0, i32 0, void @empty_0, i32 0, i32 0, void @empty_4, void @empty_5, void @empty_0, i32 0, i32 0, i32 0, i32 0, void @empty_0, void @empty_0, i32 4294967295, i32 0"   --->   Operation 32 'specinterface' 'specinterface_ln0' <Predicate = true> <Delay = 0.00>
ST_1 : Operation 33 [1/1] (0.00ns)   --->   "%specinterface_ln0 = specinterface void @_ssdm_op_SpecInterface, i32 %size, void @empty_6, i32 0, i32 0, void @empty_0, i32 0, i32 0, void @empty_0, void @empty_0, void @empty_0, i32 0, i32 0, i32 0, i32 0, void @empty_0, void @empty_0, i32 4294967295, i32 0"   --->   Operation 33 'specinterface' 'specinterface_ln0' <Predicate = true> <Delay = 0.00>
ST_1 : Operation 34 [1/1] (0.00ns)   --->   "%specinterface_ln0 = specinterface void @_ssdm_op_SpecInterface, i64 %a, void @empty_3, i32 0, i32 0, void @empty_0, i32 0, i32 0, void @empty_4, void @empty_7, void @empty_0, i32 0, i32 0, i32 0, i32 0, void @empty_0, void @empty_8, i32 4294967295, i32 0"   --->   Operation 34 'specinterface' 'specinterface_ln0' <Predicate = true> <Delay = 0.00>
ST_1 : Operation 35 [1/1] (0.00ns)   --->   "%specinterface_ln0 = specinterface void @_ssdm_op_SpecInterface, i64 %a, void @empty_6, i32 0, i32 0, void @empty_0, i32 0, i32 0, void @empty_0, void @empty_0, void @empty_0, i32 0, i32 0, i32 0, i32 0, void @empty_0, void @empty_8, i32 4294967295, i32 0"   --->   Operation 35 'specinterface' 'specinterface_ln0' <Predicate = true> <Delay = 0.00>
ST_1 : Operation 36 [1/1] (0.00ns)   --->   "%specinterface_ln0 = specinterface void @_ssdm_op_SpecInterface, i64 %b, void @empty_3, i32 0, i32 0, void @empty_0, i32 0, i32 0, void @empty_4, void @empty_9, void @empty_0, i32 0, i32 0, i32 0, i32 0, void @empty_0, void @empty_8, i32 4294967295, i32 0"   --->   Operation 36 'specinterface' 'specinterface_ln0' <Predicate = true> <Delay = 0.00>
ST_1 : Operation 37 [1/1] (0.00ns)   --->   "%specinterface_ln0 = specinterface void @_ssdm_op_SpecInterface, i64 %b, void @empty_6, i32 0, i32 0, void @empty_0, i32 0, i32 0, void @empty_0, void @empty_0, void @empty_0, i32 0, i32 0, i32 0, i32 0, void @empty_0, void @empty_8, i32 4294967295, i32 0"   --->   Operation 37 'specinterface' 'specinterface_ln0' <Predicate = true> <Delay = 0.00>
ST_1 : Operation 38 [1/1] (0.00ns)   --->   "%specinterface_ln0 = specinterface void @_ssdm_op_SpecInterface, i64 %c, void @empty_3, i32 0, i32 0, void @empty_0, i32 0, i32 0, void @empty_4, void @empty_10, void @empty_0, i32 0, i32 0, i32 0, i32 0, void @empty_0, void @empty_8, i32 4294967295, i32 0"   --->   Operation 38 'specinterface' 'specinterface_ln0' <Predicate = true> <Delay = 0.00>
ST_1 : Operation 39 [1/1] (0.00ns)   --->   "%specinterface_ln0 = specinterface void @_ssdm_op_SpecInterface, i64 %c, void @empty_6, i32 0, i32 0, void @empty_0, i32 0, i32 0, void @empty_0, void @empty_0, void @empty_0, i32 0, i32 0, i32 0, i32 0, void @empty_0, void @empty_8, i32 4294967295, i32 0"   --->   Operation 39 'specinterface' 'specinterface_ln0' <Predicate = true> <Delay = 0.00>
ST_1 : Operation 40 [1/1] (0.00ns)   --->   "%specinterface_ln0 = specinterface void @_ssdm_op_SpecInterface, i32 0, void @empty_3, i32 0, i32 0, void @empty_0, i32 0, i32 0, void @empty_4, void @empty_0, void @empty_0, i32 0, i32 0, i32 0, i32 0, void @empty_0, void @empty_0, i32 4294967295, i32 0"   --->   Operation 40 'specinterface' 'specinterface_ln0' <Predicate = true> <Delay = 0.00>
ST_1 : Operation 41 [1/1] (0.88ns)   --->   "%icmp_ln12 = icmp_sgt  i32 %size_read, i32 0" [vect_mult.cpp:12]   --->   Operation 41 'icmp' 'icmp_ln12' <Predicate = true> <Delay = 0.88> <CoreInst = "Cmp">   --->   Core 9 'Cmp' <Latency = 0> <II = 1> <Delay = 0.88> <FuncUnit> <Opcode : 'icmp'> <InPorts = 2> <OutPorts = 1>
ST_1 : Operation 42 [1/1] (0.00ns)   --->   "%trunc_ln = partselect i62 @_ssdm_op_PartSelect.i62.i64.i32.i32, i64 %a_read, i32 2, i32 63" [vect_mult.cpp:12]   --->   Operation 42 'partselect' 'trunc_ln' <Predicate = true> <Delay = 0.00>
ST_1 : Operation 43 [1/1] (0.00ns)   --->   "%sext_ln12 = sext i62 %trunc_ln" [vect_mult.cpp:12]   --->   Operation 43 'sext' 'sext_ln12' <Predicate = true> <Delay = 0.00>
ST_1 : Operation 44 [1/1] (0.00ns)   --->   "%trunc_ln12_1 = partselect i62 @_ssdm_op_PartSelect.i62.i64.i32.i32, i64 %b_read, i32 2, i32 63" [vect_mult.cpp:12]   --->   Operation 44 'partselect' 'trunc_ln12_1' <Predicate = true> <Delay = 0.00>
ST_1 : Operation 45 [1/1] (0.00ns)   --->   "%sext_ln12_1 = sext i62 %trunc_ln12_1" [vect_mult.cpp:12]   --->   Operation 45 'sext' 'sext_ln12_1' <Predicate = true> <Delay = 0.00>
ST_1 : Operation 46 [1/1] (0.00ns)   --->   "%trunc_ln12_2 = partselect i62 @_ssdm_op_PartSelect.i62.i64.i32.i32, i64 %c_read, i32 2, i32 63" [vect_mult.cpp:12]   --->   Operation 46 'partselect' 'trunc_ln12_2' <Predicate = true> <Delay = 0.00>
ST_1 : Operation 47 [1/1] (0.00ns)   --->   "%sext_ln12_2 = sext i62 %trunc_ln12_2" [vect_mult.cpp:12]   --->   Operation 47 'sext' 'sext_ln12_2' <Predicate = true> <Delay = 0.00>
ST_1 : Operation 48 [1/1] (0.00ns)   --->   "%gmem_addr = getelementptr i32 %gmem, i64 %sext_ln12_2" [vect_mult.cpp:12]   --->   Operation 48 'getelementptr' 'gmem_addr' <Predicate = true> <Delay = 0.00>
ST_1 : Operation 49 [1/1] (0.25ns)   --->   "%empty = select i1 %icmp_ln12, i31 %trunc_ln3, i31 0" [vect_mult.cpp:12]   --->   Operation 49 'select' 'empty' <Predicate = true> <Delay = 0.25> <CoreInst = "Sel">   --->   Core 73 'Sel' <Latency = 0> <II = 1> <Delay = 0.25> <FuncUnit> <Opcode : 'select'> <InPorts = 3> <OutPorts = 1>
ST_1 : Operation 50 [1/1] (0.00ns)   --->   "%zext_ln12 = zext i31 %empty" [vect_mult.cpp:12]   --->   Operation 50 'zext' 'zext_ln12' <Predicate = true> <Delay = 0.00>
ST_1 : Operation 51 [1/1] (0.38ns)   --->   "%store_ln12 = store i31 0, i31 %i" [vect_mult.cpp:12]   --->   Operation 51 'store' 'store_ln12' <Predicate = true> <Delay = 0.38>
ST_1 : Operation 52 [1/1] (0.38ns)   --->   "%br_ln12 = br void %for.inc" [vect_mult.cpp:12]   --->   Operation 52 'br' 'br_ln12' <Predicate = true> <Delay = 0.38>

State 2 <SV = 1> <Delay = 1.75>
ST_2 : Operation 53 [1/1] (0.00ns)   --->   "%first_iter_0 = phi i1 0, void %new.latch.for.inc.split, i1 1, void %entry"   --->   Operation 53 'phi' 'first_iter_0' <Predicate = true> <Delay = 0.00>
ST_2 : Operation 54 [1/1] (0.00ns)   --->   "%i_1 = load i31 %i" [vect_mult.cpp:12]   --->   Operation 54 'load' 'i_1' <Predicate = true> <Delay = 0.00>
ST_2 : Operation 55 [1/1] (0.00ns)   --->   "%zext_ln12_2 = zext i31 %i_1" [vect_mult.cpp:12]   --->   Operation 55 'zext' 'zext_ln12_2' <Predicate = true> <Delay = 0.00>
ST_2 : Operation 56 [1/1] (0.88ns)   --->   "%icmp_ln12_1 = icmp_slt  i32 %zext_ln12_2, i32 %size_read" [vect_mult.cpp:12]   --->   Operation 56 'icmp' 'icmp_ln12_1' <Predicate = true> <Delay = 0.88> <CoreInst = "Cmp">   --->   Core 9 'Cmp' <Latency = 0> <II = 1> <Delay = 0.88> <FuncUnit> <Opcode : 'icmp'> <InPorts = 2> <OutPorts = 1>
ST_2 : Operation 57 [1/1] (0.87ns)   --->   "%add_ln12 = add i31 %i_1, i31 1" [vect_mult.cpp:12]   --->   Operation 57 'add' 'add_ln12' <Predicate = true> <Delay = 0.87> <CoreInst = "Adder">   --->   Core 1 'Adder' <Latency = 0> <II = 1> <Delay = 0.87> <FuncUnit> <Opcode : 'add' 'sub'> <InPorts = 2> <OutPorts = 1>
ST_2 : Operation 58 [1/1] (0.00ns)   --->   "%br_ln12 = br i1 %icmp_ln12_1, void %for.end.loopexit, void %new.body.for.inc" [vect_mult.cpp:12]   --->   Operation 58 'br' 'br_ln12' <Predicate = true> <Delay = 0.00>
ST_2 : Operation 59 [1/1] (0.00ns)   --->   "%br_ln12 = br i1 %first_iter_0, void %for.inc.split, void %for.first.iter.for.inc" [vect_mult.cpp:12]   --->   Operation 59 'br' 'br_ln12' <Predicate = (icmp_ln12_1)> <Delay = 0.00>
ST_2 : Operation 60 [1/1] (0.00ns)   --->   "%zext_ln12_1 = zext i31 %i_1" [vect_mult.cpp:12]   --->   Operation 60 'zext' 'zext_ln12_1' <Predicate = (icmp_ln12_1)> <Delay = 0.00>
ST_2 : Operation 61 [1/1] (1.12ns)   --->   "%add_ln14 = add i63 %zext_ln12_1, i63 %sext_ln12" [vect_mult.cpp:14]   --->   Operation 61 'add' 'add_ln14' <Predicate = (icmp_ln12_1)> <Delay = 1.12> <CoreInst = "Adder">   --->   Core 1 'Adder' <Latency = 0> <II = 1> <Delay = 1.12> <FuncUnit> <Opcode : 'add' 'sub'> <InPorts = 2> <OutPorts = 1>
ST_2 : Operation 62 [1/1] (0.00ns)   --->   "%sext_ln14 = sext i63 %add_ln14" [vect_mult.cpp:14]   --->   Operation 62 'sext' 'sext_ln14' <Predicate = (icmp_ln12_1)> <Delay = 0.00>
ST_2 : Operation 63 [1/1] (0.00ns)   --->   "%gmem_addr_1 = getelementptr i32 %gmem, i64 %sext_ln14" [vect_mult.cpp:14]   --->   Operation 63 'getelementptr' 'gmem_addr_1' <Predicate = (icmp_ln12_1)> <Delay = 0.00>
ST_2 : Operation 64 [1/1] (1.12ns)   --->   "%add_ln14_1 = add i63 %zext_ln12_1, i63 %sext_ln12_1" [vect_mult.cpp:14]   --->   Operation 64 'add' 'add_ln14_1' <Predicate = (icmp_ln12_1)> <Delay = 1.12> <CoreInst = "Adder">   --->   Core 1 'Adder' <Latency = 0> <II = 1> <Delay = 1.12> <FuncUnit> <Opcode : 'add' 'sub'> <InPorts = 2> <OutPorts = 1>
ST_2 : Operation 65 [1/1] (0.00ns)   --->   "%sext_ln14_1 = sext i63 %add_ln14_1" [vect_mult.cpp:14]   --->   Operation 65 'sext' 'sext_ln14_1' <Predicate = (icmp_ln12_1)> <Delay = 0.00>
ST_2 : Operation 66 [1/1] (0.00ns)   --->   "%gmem_addr_2 = getelementptr i32 %gmem, i64 %sext_ln14_1" [vect_mult.cpp:14]   --->   Operation 66 'getelementptr' 'gmem_addr_2' <Predicate = (icmp_ln12_1)> <Delay = 0.00>
ST_2 : Operation 67 [1/1] (0.00ns)   --->   "%zext_ln12_3 = zext i31 %add_ln12" [vect_mult.cpp:12]   --->   Operation 67 'zext' 'zext_ln12_3' <Predicate = (icmp_ln12_1)> <Delay = 0.00>
ST_2 : Operation 68 [1/1] (0.88ns)   --->   "%icmp_ln12_2 = icmp_slt  i32 %zext_ln12_3, i32 %size_read" [vect_mult.cpp:12]   --->   Operation 68 'icmp' 'icmp_ln12_2' <Predicate = (icmp_ln12_1)> <Delay = 0.88> <CoreInst = "Cmp">   --->   Core 9 'Cmp' <Latency = 0> <II = 1> <Delay = 0.88> <FuncUnit> <Opcode : 'icmp'> <InPorts = 2> <OutPorts = 1>
ST_2 : Operation 69 [1/1] (0.00ns)   --->   "%br_ln12 = br i1 %icmp_ln12_2, void %last.iter.for.inc.split, void %new.latch.for.inc.split" [vect_mult.cpp:12]   --->   Operation 69 'br' 'br_ln12' <Predicate = (icmp_ln12_1)> <Delay = 0.00>
ST_2 : Operation 70 [1/1] (0.38ns)   --->   "%store_ln12 = store i31 %add_ln12, i31 %i" [vect_mult.cpp:12]   --->   Operation 70 'store' 'store_ln12' <Predicate = (icmp_ln12_1)> <Delay = 0.38>
ST_2 : Operation 71 [1/1] (0.00ns)   --->   "%br_ln12 = br void %for.inc" [vect_mult.cpp:12]   --->   Operation 71 'br' 'br_ln12' <Predicate = (icmp_ln12_1)> <Delay = 0.00>

State 3 <SV = 2> <Delay = 2.92>
ST_3 : Operation 72 [1/1] (2.92ns)   --->   "%empty_18 = writereq i1 @_ssdm_op_WriteReq.m_axi.p1i32, i32 %gmem_addr, i32 %zext_ln12" [vect_mult.cpp:12]   --->   Operation 72 'writereq' 'empty_18' <Predicate = (icmp_ln12_1 & first_iter_0)> <Delay = 2.92> <CoreInst = "m_axi">   --->   Core 121 'm_axi' <Latency = 0> <II = 1> <Delay = 1.00> <Adapter> <Opcode : 'read' 'write' 'readreq' 'writereq' 'writeresp'>
ST_3 : Operation 73 [1/1] (0.00ns)   --->   "%br_ln12 = br void %for.inc.split" [vect_mult.cpp:12]   --->   Operation 73 'br' 'br_ln12' <Predicate = (icmp_ln12_1 & first_iter_0)> <Delay = 0.00>
ST_3 : Operation 74 [8/8] (2.92ns)   --->   "%gmem_load_req = readreq i1 @_ssdm_op_ReadReq.m_axi.i32P1A, i32 %gmem_addr_1, i32 1" [vect_mult.cpp:14]   --->   Operation 74 'readreq' 'gmem_load_req' <Predicate = (icmp_ln12_1)> <Delay = 2.92> <CoreInst = "m_axi">   --->   Core 121 'm_axi' <Latency = 0> <II = 1> <Delay = 1.00> <Adapter> <Opcode : 'read' 'write' 'readreq' 'writereq' 'writeresp'>

State 4 <SV = 3> <Delay = 2.92>
ST_4 : Operation 75 [7/8] (2.92ns)   --->   "%gmem_load_req = readreq i1 @_ssdm_op_ReadReq.m_axi.i32P1A, i32 %gmem_addr_1, i32 1" [vect_mult.cpp:14]   --->   Operation 75 'readreq' 'gmem_load_req' <Predicate = true> <Delay = 2.92> <CoreInst = "m_axi">   --->   Core 121 'm_axi' <Latency = 0> <II = 1> <Delay = 1.00> <Adapter> <Opcode : 'read' 'write' 'readreq' 'writereq' 'writeresp'>
ST_4 : Operation 76 [8/8] (2.92ns)   --->   "%gmem_load_1_req = readreq i1 @_ssdm_op_ReadReq.m_axi.i32P1A, i32 %gmem_addr_2, i32 1" [vect_mult.cpp:14]   --->   Operation 76 'readreq' 'gmem_load_1_req' <Predicate = true> <Delay = 2.92> <CoreInst = "m_axi">   --->   Core 121 'm_axi' <Latency = 0> <II = 1> <Delay = 1.00> <Adapter> <Opcode : 'read' 'write' 'readreq' 'writereq' 'writeresp'>

State 5 <SV = 4> <Delay = 2.92>
ST_5 : Operation 77 [6/8] (2.92ns)   --->   "%gmem_load_req = readreq i1 @_ssdm_op_ReadReq.m_axi.i32P1A, i32 %gmem_addr_1, i32 1" [vect_mult.cpp:14]   --->   Operation 77 'readreq' 'gmem_load_req' <Predicate = true> <Delay = 2.92> <CoreInst = "m_axi">   --->   Core 121 'm_axi' <Latency = 0> <II = 1> <Delay = 1.00> <Adapter> <Opcode : 'read' 'write' 'readreq' 'writereq' 'writeresp'>
ST_5 : Operation 78 [7/8] (2.92ns)   --->   "%gmem_load_1_req = readreq i1 @_ssdm_op_ReadReq.m_axi.i32P1A, i32 %gmem_addr_2, i32 1" [vect_mult.cpp:14]   --->   Operation 78 'readreq' 'gmem_load_1_req' <Predicate = true> <Delay = 2.92> <CoreInst = "m_axi">   --->   Core 121 'm_axi' <Latency = 0> <II = 1> <Delay = 1.00> <Adapter> <Opcode : 'read' 'write' 'readreq' 'writereq' 'writeresp'>

State 6 <SV = 5> <Delay = 2.92>
ST_6 : Operation 79 [5/8] (2.92ns)   --->   "%gmem_load_req = readreq i1 @_ssdm_op_ReadReq.m_axi.i32P1A, i32 %gmem_addr_1, i32 1" [vect_mult.cpp:14]   --->   Operation 79 'readreq' 'gmem_load_req' <Predicate = true> <Delay = 2.92> <CoreInst = "m_axi">   --->   Core 121 'm_axi' <Latency = 0> <II = 1> <Delay = 1.00> <Adapter> <Opcode : 'read' 'write' 'readreq' 'writereq' 'writeresp'>
ST_6 : Operation 80 [6/8] (2.92ns)   --->   "%gmem_load_1_req = readreq i1 @_ssdm_op_ReadReq.m_axi.i32P1A, i32 %gmem_addr_2, i32 1" [vect_mult.cpp:14]   --->   Operation 80 'readreq' 'gmem_load_1_req' <Predicate = true> <Delay = 2.92> <CoreInst = "m_axi">   --->   Core 121 'm_axi' <Latency = 0> <II = 1> <Delay = 1.00> <Adapter> <Opcode : 'read' 'write' 'readreq' 'writereq' 'writeresp'>

State 7 <SV = 6> <Delay = 2.92>
ST_7 : Operation 81 [4/8] (2.92ns)   --->   "%gmem_load_req = readreq i1 @_ssdm_op_ReadReq.m_axi.i32P1A, i32 %gmem_addr_1, i32 1" [vect_mult.cpp:14]   --->   Operation 81 'readreq' 'gmem_load_req' <Predicate = true> <Delay = 2.92> <CoreInst = "m_axi">   --->   Core 121 'm_axi' <Latency = 0> <II = 1> <Delay = 1.00> <Adapter> <Opcode : 'read' 'write' 'readreq' 'writereq' 'writeresp'>
ST_7 : Operation 82 [5/8] (2.92ns)   --->   "%gmem_load_1_req = readreq i1 @_ssdm_op_ReadReq.m_axi.i32P1A, i32 %gmem_addr_2, i32 1" [vect_mult.cpp:14]   --->   Operation 82 'readreq' 'gmem_load_1_req' <Predicate = true> <Delay = 2.92> <CoreInst = "m_axi">   --->   Core 121 'm_axi' <Latency = 0> <II = 1> <Delay = 1.00> <Adapter> <Opcode : 'read' 'write' 'readreq' 'writereq' 'writeresp'>

State 8 <SV = 7> <Delay = 2.92>
ST_8 : Operation 83 [3/8] (2.92ns)   --->   "%gmem_load_req = readreq i1 @_ssdm_op_ReadReq.m_axi.i32P1A, i32 %gmem_addr_1, i32 1" [vect_mult.cpp:14]   --->   Operation 83 'readreq' 'gmem_load_req' <Predicate = true> <Delay = 2.92> <CoreInst = "m_axi">   --->   Core 121 'm_axi' <Latency = 0> <II = 1> <Delay = 1.00> <Adapter> <Opcode : 'read' 'write' 'readreq' 'writereq' 'writeresp'>
ST_8 : Operation 84 [4/8] (2.92ns)   --->   "%gmem_load_1_req = readreq i1 @_ssdm_op_ReadReq.m_axi.i32P1A, i32 %gmem_addr_2, i32 1" [vect_mult.cpp:14]   --->   Operation 84 'readreq' 'gmem_load_1_req' <Predicate = true> <Delay = 2.92> <CoreInst = "m_axi">   --->   Core 121 'm_axi' <Latency = 0> <II = 1> <Delay = 1.00> <Adapter> <Opcode : 'read' 'write' 'readreq' 'writereq' 'writeresp'>

State 9 <SV = 8> <Delay = 2.92>
ST_9 : Operation 85 [2/8] (2.92ns)   --->   "%gmem_load_req = readreq i1 @_ssdm_op_ReadReq.m_axi.i32P1A, i32 %gmem_addr_1, i32 1" [vect_mult.cpp:14]   --->   Operation 85 'readreq' 'gmem_load_req' <Predicate = true> <Delay = 2.92> <CoreInst = "m_axi">   --->   Core 121 'm_axi' <Latency = 0> <II = 1> <Delay = 1.00> <Adapter> <Opcode : 'read' 'write' 'readreq' 'writereq' 'writeresp'>
ST_9 : Operation 86 [3/8] (2.92ns)   --->   "%gmem_load_1_req = readreq i1 @_ssdm_op_ReadReq.m_axi.i32P1A, i32 %gmem_addr_2, i32 1" [vect_mult.cpp:14]   --->   Operation 86 'readreq' 'gmem_load_1_req' <Predicate = true> <Delay = 2.92> <CoreInst = "m_axi">   --->   Core 121 'm_axi' <Latency = 0> <II = 1> <Delay = 1.00> <Adapter> <Opcode : 'read' 'write' 'readreq' 'writereq' 'writeresp'>

State 10 <SV = 9> <Delay = 2.92>
ST_10 : Operation 87 [1/8] (2.92ns)   --->   "%gmem_load_req = readreq i1 @_ssdm_op_ReadReq.m_axi.i32P1A, i32 %gmem_addr_1, i32 1" [vect_mult.cpp:14]   --->   Operation 87 'readreq' 'gmem_load_req' <Predicate = true> <Delay = 2.92> <CoreInst = "m_axi">   --->   Core 121 'm_axi' <Latency = 0> <II = 1> <Delay = 1.00> <Adapter> <Opcode : 'read' 'write' 'readreq' 'writereq' 'writeresp'>
ST_10 : Operation 88 [2/8] (2.92ns)   --->   "%gmem_load_1_req = readreq i1 @_ssdm_op_ReadReq.m_axi.i32P1A, i32 %gmem_addr_2, i32 1" [vect_mult.cpp:14]   --->   Operation 88 'readreq' 'gmem_load_1_req' <Predicate = true> <Delay = 2.92> <CoreInst = "m_axi">   --->   Core 121 'm_axi' <Latency = 0> <II = 1> <Delay = 1.00> <Adapter> <Opcode : 'read' 'write' 'readreq' 'writereq' 'writeresp'>

State 11 <SV = 10> <Delay = 2.92>
ST_11 : Operation 89 [1/1] (2.92ns)   --->   "%gmem_addr_1_read = read i32 @_ssdm_op_Read.m_axi.i32P1A, i32 %gmem_addr_1" [vect_mult.cpp:14]   --->   Operation 89 'read' 'gmem_addr_1_read' <Predicate = true> <Delay = 2.92> <CoreInst = "m_axi">   --->   Core 121 'm_axi' <Latency = 0> <II = 1> <Delay = 1.00> <Adapter> <Opcode : 'read' 'write' 'readreq' 'writereq' 'writeresp'>
ST_11 : Operation 90 [1/8] (2.92ns)   --->   "%gmem_load_1_req = readreq i1 @_ssdm_op_ReadReq.m_axi.i32P1A, i32 %gmem_addr_2, i32 1" [vect_mult.cpp:14]   --->   Operation 90 'readreq' 'gmem_load_1_req' <Predicate = true> <Delay = 2.92> <CoreInst = "m_axi">   --->   Core 121 'm_axi' <Latency = 0> <II = 1> <Delay = 1.00> <Adapter> <Opcode : 'read' 'write' 'readreq' 'writereq' 'writeresp'>

State 12 <SV = 11> <Delay = 2.92>
ST_12 : Operation 91 [1/1] (2.92ns)   --->   "%gmem_addr_2_read = read i32 @_ssdm_op_Read.m_axi.i32P1A, i32 %gmem_addr_2" [vect_mult.cpp:14]   --->   Operation 91 'read' 'gmem_addr_2_read' <Predicate = true> <Delay = 2.92> <CoreInst = "m_axi">   --->   Core 121 'm_axi' <Latency = 0> <II = 1> <Delay = 1.00> <Adapter> <Opcode : 'read' 'write' 'readreq' 'writereq' 'writeresp'>

State 13 <SV = 12> <Delay = 2.29>
ST_13 : Operation 92 [2/2] (2.29ns)   --->   "%mul_ln14 = mul i32 %gmem_addr_2_read, i32 %gmem_addr_1_read" [vect_mult.cpp:14]   --->   Operation 92 'mul' 'mul_ln14' <Predicate = true> <Delay = 2.29> <CoreInst = "Multiplier">   --->   Core 3 'Multiplier' <Latency = 1> <II = 1> <Delay = 2.29> <FuncUnit> <Opcode : 'mul'> <InPorts = 2> <OutPorts = 1>

State 14 <SV = 13> <Delay = 2.29>
ST_14 : Operation 93 [1/2] (2.29ns)   --->   "%mul_ln14 = mul i32 %gmem_addr_2_read, i32 %gmem_addr_1_read" [vect_mult.cpp:14]   --->   Operation 93 'mul' 'mul_ln14' <Predicate = true> <Delay = 2.29> <CoreInst = "Multiplier">   --->   Core 3 'Multiplier' <Latency = 1> <II = 1> <Delay = 2.29> <FuncUnit> <Opcode : 'mul'> <InPorts = 2> <OutPorts = 1>

State 15 <SV = 14> <Delay = 2.92>
ST_15 : Operation 94 [1/1] (0.00ns)   --->   "%specpipeline_ln13 = specpipeline void @_ssdm_op_SpecPipeline, i32 4294967295, i32 0, i32 0, i32 0, void @empty_0" [vect_mult.cpp:13]   --->   Operation 94 'specpipeline' 'specpipeline_ln13' <Predicate = true> <Delay = 0.00>
ST_15 : Operation 95 [1/1] (0.00ns)   --->   "%specloopname_ln12 = specloopname void @_ssdm_op_SpecLoopName, void @empty_12" [vect_mult.cpp:12]   --->   Operation 95 'specloopname' 'specloopname_ln12' <Predicate = true> <Delay = 0.00>
ST_15 : Operation 96 [1/1] (2.92ns)   --->   "%write_ln14 = write void @_ssdm_op_Write.m_axi.p1i32, i32 %gmem_addr, i32 %mul_ln14, i4 15" [vect_mult.cpp:14]   --->   Operation 96 'write' 'write_ln14' <Predicate = true> <Delay = 2.92> <CoreInst = "m_axi">   --->   Core 121 'm_axi' <Latency = 0> <II = 1> <Delay = 1.00> <Adapter> <Opcode : 'read' 'write' 'readreq' 'writereq' 'writeresp'>

State 16 <SV = 15> <Delay = 2.92>
ST_16 : Operation 97 [5/5] (2.92ns)   --->   "%empty_19 = writeresp i1 @_ssdm_op_WriteResp.m_axi.p1i32, i32 %gmem_addr" [vect_mult.cpp:15]   --->   Operation 97 'writeresp' 'empty_19' <Predicate = (!icmp_ln12_2)> <Delay = 2.92> <CoreInst = "m_axi">   --->   Core 121 'm_axi' <Latency = 0> <II = 1> <Delay = 1.00> <Adapter> <Opcode : 'read' 'write' 'readreq' 'writereq' 'writeresp'>

State 17 <SV = 16> <Delay = 2.92>
ST_17 : Operation 98 [4/5] (2.92ns)   --->   "%empty_19 = writeresp i1 @_ssdm_op_WriteResp.m_axi.p1i32, i32 %gmem_addr" [vect_mult.cpp:15]   --->   Operation 98 'writeresp' 'empty_19' <Predicate = (!icmp_ln12_2)> <Delay = 2.92> <CoreInst = "m_axi">   --->   Core 121 'm_axi' <Latency = 0> <II = 1> <Delay = 1.00> <Adapter> <Opcode : 'read' 'write' 'readreq' 'writereq' 'writeresp'>

State 18 <SV = 17> <Delay = 2.92>
ST_18 : Operation 99 [3/5] (2.92ns)   --->   "%empty_19 = writeresp i1 @_ssdm_op_WriteResp.m_axi.p1i32, i32 %gmem_addr" [vect_mult.cpp:15]   --->   Operation 99 'writeresp' 'empty_19' <Predicate = (!icmp_ln12_2)> <Delay = 2.92> <CoreInst = "m_axi">   --->   Core 121 'm_axi' <Latency = 0> <II = 1> <Delay = 1.00> <Adapter> <Opcode : 'read' 'write' 'readreq' 'writereq' 'writeresp'>

State 19 <SV = 18> <Delay = 2.92>
ST_19 : Operation 100 [2/5] (2.92ns)   --->   "%empty_19 = writeresp i1 @_ssdm_op_WriteResp.m_axi.p1i32, i32 %gmem_addr" [vect_mult.cpp:15]   --->   Operation 100 'writeresp' 'empty_19' <Predicate = (!icmp_ln12_2)> <Delay = 2.92> <CoreInst = "m_axi">   --->   Core 121 'm_axi' <Latency = 0> <II = 1> <Delay = 1.00> <Adapter> <Opcode : 'read' 'write' 'readreq' 'writereq' 'writeresp'>

State 20 <SV = 19> <Delay = 2.92>
ST_20 : Operation 101 [1/5] (2.92ns)   --->   "%empty_19 = writeresp i1 @_ssdm_op_WriteResp.m_axi.p1i32, i32 %gmem_addr" [vect_mult.cpp:15]   --->   Operation 101 'writeresp' 'empty_19' <Predicate = (!icmp_ln12_2)> <Delay = 2.92> <CoreInst = "m_axi">   --->   Core 121 'm_axi' <Latency = 0> <II = 1> <Delay = 1.00> <Adapter> <Opcode : 'read' 'write' 'readreq' 'writereq' 'writeresp'>
ST_20 : Operation 102 [1/1] (0.00ns)   --->   "%br_ln12 = br void %new.latch.for.inc.split" [vect_mult.cpp:12]   --->   Operation 102 'br' 'br_ln12' <Predicate = (!icmp_ln12_2)> <Delay = 0.00>

State 21 <SV = 2> <Delay = 0.00>
ST_21 : Operation 103 [1/1] (0.00ns)   --->   "%ret_ln15 = ret" [vect_mult.cpp:15]   --->   Operation 103 'ret' 'ret_ln15' <Predicate = true> <Delay = 0.00>


============================================================
+ Verbose Summary: Binding
============================================================
STG Binding: 
---------------- STG Properties BEGIN ----------------
- Is combinational: 0
- Is one-state seq: 0
- Is datapath-only: 0
- Is pipelined: 0
- Is top level: 1
Port [ Return ] is wired: 1; IO mode=ap_ctrl_hs:ce=0
Port [ gmem]:  wired=1; compound=1; hidden=0; nouse=0; global=0; static=0; extern=0; dir=2; type=4; pingpong=0; private_global=0; IO mode=m_axi:ce=0
Port [ size]:  wired=1; compound=0; hidden=0; nouse=0; global=0; static=0; extern=0; dir=0; type=0; pingpong=0; private_global=0; IO mode=ap_none:ce=0
Port [ a]:  wired=1; compound=0; hidden=0; nouse=0; global=0; static=0; extern=0; dir=0; type=0; pingpong=0; private_global=0; IO mode=ap_none:ce=0
Port [ b]:  wired=1; compound=0; hidden=0; nouse=0; global=0; static=0; extern=0; dir=0; type=0; pingpong=0; private_global=0; IO mode=ap_none:ce=0
Port [ c]:  wired=1; compound=0; hidden=0; nouse=0; global=0; static=0; extern=0; dir=0; type=0; pingpong=0; private_global=0; IO mode=ap_none:ce=0
---------------- STG Properties END ------------------

---------------- Datapath Model BEGIN ----------------

<LifeTime>
<method=bitvector/>
i                 (alloca       ) [ 0111111111111111111110]
c_read            (read         ) [ 0000000000000000000000]
b_read            (read         ) [ 0000000000000000000000]
a_read            (read         ) [ 0000000000000000000000]
size_read         (read         ) [ 0011111111111111111110]
trunc_ln3         (trunc        ) [ 0000000000000000000000]
spectopmodule_ln3 (spectopmodule) [ 0000000000000000000000]
specinterface_ln0 (specinterface) [ 0000000000000000000000]
specbitsmap_ln0   (specbitsmap  ) [ 0000000000000000000000]
specbitsmap_ln0   (specbitsmap  ) [ 0000000000000000000000]
specinterface_ln0 (specinterface) [ 0000000000000000000000]
specinterface_ln0 (specinterface) [ 0000000000000000000000]
specinterface_ln0 (specinterface) [ 0000000000000000000000]
specinterface_ln0 (specinterface) [ 0000000000000000000000]
specinterface_ln0 (specinterface) [ 0000000000000000000000]
specinterface_ln0 (specinterface) [ 0000000000000000000000]
specinterface_ln0 (specinterface) [ 0000000000000000000000]
specinterface_ln0 (specinterface) [ 0000000000000000000000]
specinterface_ln0 (specinterface) [ 0000000000000000000000]
icmp_ln12         (icmp         ) [ 0000000000000000000000]
trunc_ln          (partselect   ) [ 0000000000000000000000]
sext_ln12         (sext         ) [ 0011111111111111111110]
trunc_ln12_1      (partselect   ) [ 0000000000000000000000]
sext_ln12_1       (sext         ) [ 0011111111111111111110]
trunc_ln12_2      (partselect   ) [ 0000000000000000000000]
sext_ln12_2       (sext         ) [ 0000000000000000000000]
gmem_addr         (getelementptr) [ 0011111111111111111110]
empty             (select       ) [ 0000000000000000000000]
zext_ln12         (zext         ) [ 0011111111111111111110]
store_ln12        (store        ) [ 0000000000000000000000]
br_ln12           (br           ) [ 0111111111111111111110]
first_iter_0      (phi          ) [ 0011111111111111111110]
i_1               (load         ) [ 0000000000000000000000]
zext_ln12_2       (zext         ) [ 0000000000000000000000]
icmp_ln12_1       (icmp         ) [ 0011111111111111111110]
add_ln12          (add          ) [ 0000000000000000000000]
br_ln12           (br           ) [ 0000000000000000000000]
br_ln12           (br           ) [ 0000000000000000000000]
zext_ln12_1       (zext         ) [ 0000000000000000000000]
add_ln14          (add          ) [ 0000000000000000000000]
sext_ln14         (sext         ) [ 0000000000000000000000]
gmem_addr_1       (getelementptr) [ 0011111111110000000000]
add_ln14_1        (add          ) [ 0000000000000000000000]
sext_ln14_1       (sext         ) [ 0000000000000000000000]
gmem_addr_2       (getelementptr) [ 0011111111111000000000]
zext_ln12_3       (zext         ) [ 0000000000000000000000]
icmp_ln12_2       (icmp         ) [ 0011111111111111111110]
br_ln12           (br           ) [ 0000000000000000000000]
store_ln12        (store        ) [ 0000000000000000000000]
br_ln12           (br           ) [ 0111111111111111111110]
empty_18          (writereq     ) [ 0000000000000000000000]
br_ln12           (br           ) [ 0000000000000000000000]
gmem_load_req     (readreq      ) [ 0000000000000000000000]
gmem_addr_1_read  (read         ) [ 0011000000001110000000]
gmem_load_1_req   (readreq      ) [ 0000000000000000000000]
gmem_addr_2_read  (read         ) [ 0011000000000110000000]
mul_ln14          (mul          ) [ 0001000000000001000000]
specpipeline_ln13 (specpipeline ) [ 0000000000000000000000]
specloopname_ln12 (specloopname ) [ 0000000000000000000000]
write_ln14        (write        ) [ 0000000000000000000000]
empty_19          (writeresp    ) [ 0000000000000000000000]
br_ln12           (br           ) [ 0000000000000000000000]
ret_ln15          (ret          ) [ 0000000000000000000000]
</LifeTime>

<model>

<comp_list>
<comp id="0" class="1000" name="gmem">
<pin_list>
<pin id="1" dir="1" index="0" bw="1" slack="0"/>
</pin_list>
<bind>
<StgValue><ssdm name="gmem"/></StgValue>
</bind>
</comp>

<comp id="2" class="1000" name="size">
<pin_list>
<pin id="3" dir="1" index="0" bw="1" slack="0"/>
</pin_list>
<bind>
<StgValue><ssdm name="size"/></StgValue>
</bind>
</comp>

<comp id="4" class="1000" name="a">
<pin_list>
<pin id="5" dir="1" index="0" bw="1" slack="0"/>
</pin_list>
<bind>
<StgValue><ssdm name="a"/></StgValue>
</bind>
</comp>

<comp id="6" class="1000" name="b">
<pin_list>
<pin id="7" dir="1" index="0" bw="1" slack="0"/>
</pin_list>
<bind>
<StgValue><ssdm name="b"/></StgValue>
</bind>
</comp>

<comp id="8" class="1000" name="c">
<pin_list>
<pin id="9" dir="1" index="0" bw="1" slack="0"/>
</pin_list>
<bind>
<StgValue><ssdm name="c"/></StgValue>
</bind>
</comp>

<comp id="10" class="1001" name="const_10">
<pin_list>
<pin id="11" dir="1" index="0" bw="1" slack="0"/>
</pin_list>
<bind>
<StgValue><ssdm name=""/></StgValue>
</bind>
</comp>

<comp id="12" class="1001" name="const_12">
<pin_list>
<pin id="13" dir="1" index="0" bw="1" slack="0"/>
</pin_list>
<bind>
<StgValue><ssdm name="_ssdm_op_Read.s_axilite.i64"/></StgValue>
</bind>
</comp>

<comp id="14" class="1001" name="const_14">
<pin_list>
<pin id="15" dir="1" index="0" bw="1" slack="0"/>
</pin_list>
<bind>
<StgValue><ssdm name="_ssdm_op_Read.s_axilite.i32"/></StgValue>
</bind>
</comp>

<comp id="16" class="1001" name="const_16">
<pin_list>
<pin id="17" dir="1" index="0" bw="1" slack="2147483647"/>
</pin_list>
<bind>
<StgValue><ssdm name="_ssdm_op_SpecTopModule"/></StgValue>
</bind>
</comp>

<comp id="18" class="1001" name="const_18">
<pin_list>
<pin id="19" dir="1" index="0" bw="1" slack="2147483647"/>
</pin_list>
<bind>
<StgValue><ssdm name="empty_11"/></StgValue>
</bind>
</comp>

<comp id="20" class="1001" name="const_20">
<pin_list>
<pin id="21" dir="1" index="0" bw="1" slack="2147483647"/>
</pin_list>
<bind>
<StgValue><ssdm name="_ssdm_op_SpecInterface"/></StgValue>
</bind>
</comp>

<comp id="22" class="1001" name="const_22">
<pin_list>
<pin id="23" dir="1" index="0" bw="1" slack="2147483647"/>
</pin_list>
<bind>
<StgValue><ssdm name="empty"/></StgValue>
</bind>
</comp>

<comp id="24" class="1001" name="const_24">
<pin_list>
<pin id="25" dir="1" index="0" bw="1" slack="0"/>
</pin_list>
<bind>
<StgValue><ssdm name=""/></StgValue>
</bind>
</comp>

<comp id="26" class="1001" name="const_26">
<pin_list>
<pin id="27" dir="1" index="0" bw="1" slack="2147483647"/>
</pin_list>
<bind>
<StgValue><ssdm name="empty_0"/></StgValue>
</bind>
</comp>

<comp id="28" class="1001" name="const_28">
<pin_list>
<pin id="29" dir="1" index="0" bw="1" slack="2147483647"/>
</pin_list>
<bind>
<StgValue><ssdm name="empty_1"/></StgValue>
</bind>
</comp>

<comp id="30" class="1001" name="const_30">
<pin_list>
<pin id="31" dir="1" index="0" bw="1" slack="2147483647"/>
</pin_list>
<bind>
<StgValue><ssdm name="empty_2"/></StgValue>
</bind>
</comp>

<comp id="32" class="1001" name="const_32">
<pin_list>
<pin id="33" dir="1" index="0" bw="1" slack="2147483647"/>
</pin_list>
<bind>
<StgValue><ssdm name=""/></StgValue>
</bind>
</comp>

<comp id="34" class="1001" name="const_34">
<pin_list>
<pin id="35" dir="1" index="0" bw="1" slack="2147483647"/>
</pin_list>
<bind>
<StgValue><ssdm name=""/></StgValue>
</bind>
</comp>

<comp id="36" class="1001" name="const_36">
<pin_list>
<pin id="37" dir="1" index="0" bw="1" slack="2147483647"/>
</pin_list>
<bind>
<StgValue><ssdm name="_ssdm_op_SpecBitsMap"/></StgValue>
</bind>
</comp>

<comp id="38" class="1001" name="const_38">
<pin_list>
<pin id="39" dir="1" index="0" bw="1" slack="2147483647"/>
</pin_list>
<bind>
<StgValue><ssdm name="empty_3"/></StgValue>
</bind>
</comp>

<comp id="40" class="1001" name="const_40">
<pin_list>
<pin id="41" dir="1" index="0" bw="1" slack="2147483647"/>
</pin_list>
<bind>
<StgValue><ssdm name="empty_4"/></StgValue>
</bind>
</comp>

<comp id="42" class="1001" name="const_42">
<pin_list>
<pin id="43" dir="1" index="0" bw="1" slack="2147483647"/>
</pin_list>
<bind>
<StgValue><ssdm name="empty_5"/></StgValue>
</bind>
</comp>

<comp id="44" class="1001" name="const_44">
<pin_list>
<pin id="45" dir="1" index="0" bw="1" slack="2147483647"/>
</pin_list>
<bind>
<StgValue><ssdm name="empty_6"/></StgValue>
</bind>
</comp>

<comp id="46" class="1001" name="const_46">
<pin_list>
<pin id="47" dir="1" index="0" bw="1" slack="2147483647"/>
</pin_list>
<bind>
<StgValue><ssdm name="empty_7"/></StgValue>
</bind>
</comp>

<comp id="48" class="1001" name="const_48">
<pin_list>
<pin id="49" dir="1" index="0" bw="1" slack="2147483647"/>
</pin_list>
<bind>
<StgValue><ssdm name="empty_8"/></StgValue>
</bind>
</comp>

<comp id="50" class="1001" name="const_50">
<pin_list>
<pin id="51" dir="1" index="0" bw="1" slack="2147483647"/>
</pin_list>
<bind>
<StgValue><ssdm name="empty_9"/></StgValue>
</bind>
</comp>

<comp id="52" class="1001" name="const_52">
<pin_list>
<pin id="53" dir="1" index="0" bw="1" slack="2147483647"/>
</pin_list>
<bind>
<StgValue><ssdm name="empty_10"/></StgValue>
</bind>
</comp>

<comp id="54" class="1001" name="const_54">
<pin_list>
<pin id="55" dir="1" index="0" bw="1" slack="0"/>
</pin_list>
<bind>
<StgValue><ssdm name="_ssdm_op_PartSelect.i62.i64.i32.i32"/></StgValue>
</bind>
</comp>

<comp id="56" class="1001" name="const_56">
<pin_list>
<pin id="57" dir="1" index="0" bw="1" slack="0"/>
</pin_list>
<bind>
<StgValue><ssdm name=""/></StgValue>
</bind>
</comp>

<comp id="58" class="1001" name="const_58">
<pin_list>
<pin id="59" dir="1" index="0" bw="1" slack="0"/>
</pin_list>
<bind>
<StgValue><ssdm name=""/></StgValue>
</bind>
</comp>

<comp id="60" class="1001" name="const_60">
<pin_list>
<pin id="61" dir="1" index="0" bw="1" slack="0"/>
</pin_list>
<bind>
<StgValue><ssdm name=""/></StgValue>
</bind>
</comp>

<comp id="62" class="1001" name="const_62">
<pin_list>
<pin id="63" dir="1" index="0" bw="1" slack="0"/>
</pin_list>
<bind>
<StgValue><ssdm name=""/></StgValue>
</bind>
</comp>

<comp id="64" class="1001" name="const_64">
<pin_list>
<pin id="65" dir="1" index="0" bw="1" slack="1"/>
</pin_list>
<bind>
<StgValue><ssdm name=""/></StgValue>
</bind>
</comp>

<comp id="66" class="1001" name="const_66">
<pin_list>
<pin id="67" dir="1" index="0" bw="1" slack="0"/>
</pin_list>
<bind>
<StgValue><ssdm name=""/></StgValue>
</bind>
</comp>

<comp id="68" class="1001" name="const_68">
<pin_list>
<pin id="69" dir="1" index="0" bw="1" slack="0"/>
</pin_list>
<bind>
<StgValue><ssdm name="_ssdm_op_WriteReq.m_axi.p1i32"/></StgValue>
</bind>
</comp>

<comp id="70" class="1001" name="const_70">
<pin_list>
<pin id="71" dir="1" index="0" bw="1" slack="0"/>
</pin_list>
<bind>
<StgValue><ssdm name="_ssdm_op_ReadReq.m_axi.i32P1A"/></StgValue>
</bind>
</comp>

<comp id="72" class="1001" name="const_72">
<pin_list>
<pin id="73" dir="1" index="0" bw="1" slack="0"/>
</pin_list>
<bind>
<StgValue><ssdm name="_ssdm_op_Read.m_axi.i32P1A"/></StgValue>
</bind>
</comp>

<comp id="74" class="1001" name="const_74">
<pin_list>
<pin id="75" dir="1" index="0" bw="1" slack="2147483647"/>
</pin_list>
<bind>
<StgValue><ssdm name="_ssdm_op_SpecPipeline"/></StgValue>
</bind>
</comp>

<comp id="76" class="1001" name="const_76">
<pin_list>
<pin id="77" dir="1" index="0" bw="1" slack="2147483647"/>
</pin_list>
<bind>
<StgValue><ssdm name="_ssdm_op_SpecLoopName"/></StgValue>
</bind>
</comp>

<comp id="78" class="1001" name="const_78">
<pin_list>
<pin id="79" dir="1" index="0" bw="1" slack="2147483647"/>
</pin_list>
<bind>
<StgValue><ssdm name="empty_12"/></StgValue>
</bind>
</comp>

<comp id="80" class="1001" name="const_80">
<pin_list>
<pin id="81" dir="1" index="0" bw="1" slack="0"/>
</pin_list>
<bind>
<StgValue><ssdm name="_ssdm_op_Write.m_axi.p1i32"/></StgValue>
</bind>
</comp>

<comp id="82" class="1001" name="const_82">
<pin_list>
<pin id="83" dir="1" index="0" bw="1" slack="0"/>
</pin_list>
<bind>
<StgValue><ssdm name=""/></StgValue>
</bind>
</comp>

<comp id="84" class="1001" name="const_84">
<pin_list>
<pin id="85" dir="1" index="0" bw="1" slack="0"/>
</pin_list>
<bind>
<StgValue><ssdm name="_ssdm_op_WriteResp.m_axi.p1i32"/></StgValue>
</bind>
</comp>

<comp id="86" class="1004" name="i_fu_86">
<pin_list>
<pin id="87" dir="0" index="0" bw="1" slack="0"/>
<pin id="88" dir="1" index="1" bw="31" slack="0"/>
</pin_list>
<bind>
<opcode="alloca(26) " fcode="alloca"/>
<opset="i/1 "/>
</bind>
</comp>

<comp id="90" class="1004" name="c_read_read_fu_90">
<pin_list>
<pin id="91" dir="0" index="0" bw="64" slack="0"/>
<pin id="92" dir="0" index="1" bw="64" slack="0"/>
<pin id="93" dir="1" index="2" bw="64" slack="0"/>
</pin_list>
<bind>
<opcode="read(1150) " fcode="read"/>
<opset="c_read/1 "/>
</bind>
</comp>

<comp id="96" class="1004" name="b_read_read_fu_96">
<pin_list>
<pin id="97" dir="0" index="0" bw="64" slack="0"/>
<pin id="98" dir="0" index="1" bw="64" slack="0"/>
<pin id="99" dir="1" index="2" bw="64" slack="0"/>
</pin_list>
<bind>
<opcode="read(1150) " fcode="read"/>
<opset="b_read/1 "/>
</bind>
</comp>

<comp id="102" class="1004" name="a_read_read_fu_102">
<pin_list>
<pin id="103" dir="0" index="0" bw="64" slack="0"/>
<pin id="104" dir="0" index="1" bw="64" slack="0"/>
<pin id="105" dir="1" index="2" bw="64" slack="0"/>
</pin_list>
<bind>
<opcode="read(1150) " fcode="read"/>
<opset="a_read/1 "/>
</bind>
</comp>

<comp id="108" class="1004" name="size_read_read_fu_108">
<pin_list>
<pin id="109" dir="0" index="0" bw="32" slack="0"/>
<pin id="110" dir="0" index="1" bw="32" slack="0"/>
<pin id="111" dir="1" index="2" bw="32" slack="0"/>
</pin_list>
<bind>
<opcode="read(1150) " fcode="read"/>
<opset="size_read/1 "/>
</bind>
</comp>

<comp id="114" class="1004" name="grp_writeresp_fu_114">
<pin_list>
<pin id="115" dir="0" index="0" bw="1" slack="0"/>
<pin id="116" dir="0" index="1" bw="32" slack="2"/>
<pin id="117" dir="0" index="2" bw="31" slack="2"/>
<pin id="118" dir="1" index="3" bw="1" slack="2147483647"/>
</pin_list>
<bind>
<opcode="writereq(1155) writeresp(1158) " fcode="writeresp"/>
<opset="empty_18/3 empty_19/16 "/>
</bind>
</comp>

<comp id="120" class="1004" name="grp_readreq_fu_120">
<pin_list>
<pin id="121" dir="0" index="0" bw="1" slack="0"/>
<pin id="122" dir="0" index="1" bw="32" slack="1"/>
<pin id="123" dir="0" index="2" bw="1" slack="0"/>
<pin id="124" dir="1" index="3" bw="1" slack="2147483647"/>
</pin_list>
<bind>
<opcode="readreq(1154) " fcode="readreq"/>
<opset="gmem_load_req/3 "/>
</bind>
</comp>

<comp id="127" class="1004" name="grp_readreq_fu_127">
<pin_list>
<pin id="128" dir="0" index="0" bw="1" slack="0"/>
<pin id="129" dir="0" index="1" bw="32" slack="2"/>
<pin id="130" dir="0" index="2" bw="1" slack="0"/>
<pin id="131" dir="1" index="3" bw="1" slack="2147483647"/>
</pin_list>
<bind>
<opcode="readreq(1154) " fcode="readreq"/>
<opset="gmem_load_1_req/4 "/>
</bind>
</comp>

<comp id="134" class="1004" name="gmem_addr_1_read_read_fu_134">
<pin_list>
<pin id="135" dir="0" index="0" bw="32" slack="0"/>
<pin id="136" dir="0" index="1" bw="32" slack="9"/>
<pin id="137" dir="1" index="2" bw="32" slack="2"/>
</pin_list>
<bind>
<opcode="read(1150) " fcode="read"/>
<opset="gmem_addr_1_read/11 "/>
</bind>
</comp>

<comp id="139" class="1004" name="gmem_addr_2_read_read_fu_139">
<pin_list>
<pin id="140" dir="0" index="0" bw="32" slack="0"/>
<pin id="141" dir="0" index="1" bw="32" slack="10"/>
<pin id="142" dir="1" index="2" bw="32" slack="1"/>
</pin_list>
<bind>
<opcode="read(1150) " fcode="read"/>
<opset="gmem_addr_2_read/12 "/>
</bind>
</comp>

<comp id="144" class="1004" name="write_ln14_write_fu_144">
<pin_list>
<pin id="145" dir="0" index="0" bw="0" slack="0"/>
<pin id="146" dir="0" index="1" bw="32" slack="14"/>
<pin id="147" dir="0" index="2" bw="32" slack="1"/>
<pin id="148" dir="0" index="3" bw="1" slack="0"/>
<pin id="149" dir="1" index="4" bw="0" slack="2147483647"/>
</pin_list>
<bind>
<opcode="write(1151) " fcode="write"/>
<opset="write_ln14/15 "/>
</bind>
</comp>

<comp id="153" class="1005" name="first_iter_0_reg_153">
<pin_list>
<pin id="154" dir="0" index="0" bw="1" slack="1"/>
<pin id="155" dir="1" index="1" bw="1" slack="1"/>
</pin_list>
<bind>
<opset="first_iter_0 (phireg) "/>
</bind>
</comp>

<comp id="157" class="1004" name="first_iter_0_phi_fu_157">
<pin_list>
<pin id="158" dir="0" index="0" bw="1" slack="0"/>
<pin id="159" dir="0" index="1" bw="0" slack="2147483647"/>
<pin id="160" dir="0" index="2" bw="1" slack="1"/>
<pin id="161" dir="0" index="3" bw="0" slack="2147483647"/>
<pin id="162" dir="1" index="4" bw="1" slack="1"/>
</pin_list>
<bind>
<opcode="phi(47) " fcode="phi"/>
<opset="first_iter_0/2 "/>
</bind>
</comp>

<comp id="166" class="1004" name="grp_fu_166">
<pin_list>
<pin id="167" dir="0" index="0" bw="32" slack="1"/>
<pin id="168" dir="0" index="1" bw="32" slack="2"/>
<pin id="169" dir="1" index="2" bw="32" slack="1"/>
</pin_list>
<bind>
<opcode="mul(12) " fcode="mul"/>
<opset="mul_ln14/13 "/>
</bind>
</comp>

<comp id="170" class="1004" name="trunc_ln3_fu_170">
<pin_list>
<pin id="171" dir="0" index="0" bw="32" slack="0"/>
<pin id="172" dir="1" index="1" bw="31" slack="0"/>
</pin_list>
<bind>
<opcode="trunc(33) " fcode="trunc"/>
<opset="trunc_ln3/1 "/>
</bind>
</comp>

<comp id="174" class="1004" name="icmp_ln12_1_fu_174">
<pin_list>
<pin id="6829" dir="0" index="0" bw="31" slack="0"/>
<pin id="6830" dir="0" index="1" bw="32" slack="1"/>
<pin id="6831" dir="1" index="2" bw="1" slack="1"/>
</pin_list>
<bind>
<opcode="icmp(45) " fcode="icmp"/>
<opset="icmp_ln12_1/2 "/>
</bind>
</comp>

<comp id="180" class="1004" name="trunc_ln12_1_fu_180">
<pin_list>
<pin id="6929" dir="0" index="0" bw="62" slack="0"/>
<pin id="6930" dir="0" index="1" bw="64" slack="0"/>
<pin id="6931" dir="0" index="2" bw="3" slack="0"/>
<pin id="6932" dir="0" index="3" bw="7" slack="0"/>
<pin id="6933" dir="1" index="4" bw="62" slack="0"/>
</pin_list>
<bind>
<opcode="partselect(1002) " fcode="partselect"/>
<opset="trunc_ln12_1/1 "/>
</bind>
</comp>

<comp id="190" class="1004" name="sext_ln12_1_fu_190">
<pin_list>
<pin id="7103" dir="0" index="0" bw="62" slack="0"/>
<pin id="7104" dir="1" index="1" bw="63" slack="1"/>
</pin_list>
<bind>
<opcode="sext(35) " fcode="sext"/>
<opset="sext_ln12_1/1 "/>
</bind>
</comp>

<comp id="194" class="1004" name="trunc_ln_fu_194">
<pin_list>
<pin id="6919" dir="0" index="0" bw="62" slack="0"/>
<pin id="6920" dir="0" index="1" bw="64" slack="0"/>
<pin id="6921" dir="0" index="2" bw="3" slack="0"/>
<pin id="6922" dir="0" index="3" bw="7" slack="0"/>
<pin id="6923" dir="1" index="4" bw="62" slack="0"/>
</pin_list>
<bind>
<opcode="partselect(1002) " fcode="partselect"/>
<opset="trunc_ln/1 "/>
</bind>
</comp>

<comp id="204" class="1004" name="sext_ln12_fu_204">
<pin_list>
<pin id="7099" dir="0" index="0" bw="62" slack="0"/>
<pin id="7100" dir="1" index="1" bw="63" slack="1"/>
</pin_list>
<bind>
<opcode="sext(35) " fcode="sext"/>
<opset="sext_ln12/1 "/>
</bind>
</comp>

<comp id="208" class="1004" name="trunc_ln12_2_fu_208">
<pin_list>
<pin id="5507" dir="0" index="0" bw="62" slack="0"/>
<pin id="5508" dir="0" index="1" bw="64" slack="0"/>
<pin id="5509" dir="0" index="2" bw="3" slack="0"/>
<pin id="5510" dir="0" index="3" bw="7" slack="0"/>
<pin id="5511" dir="1" index="4" bw="62" slack="0"/>
</pin_list>
<bind>
<opcode="partselect(1002) " fcode="partselect"/>
<opset="trunc_ln12_2/1 "/>
</bind>
</comp>

<comp id="218" class="1004" name="sext_ln12_2_fu_218">
<pin_list>
<pin id="7027" dir="0" index="0" bw="62" slack="0"/>
<pin id="7028" dir="1" index="1" bw="64" slack="0"/>
</pin_list>
<bind>
<opcode="sext(35) " fcode="sext"/>
<opset="sext_ln12_2/1 "/>
</bind>
</comp>

<comp id="222" class="1004" name="gmem_addr_fu_222">
<pin_list>
<pin id="7418" dir="0" index="0" bw="32" slack="0"/>
<pin id="7419" dir="0" index="1" bw="62" slack="0"/>
<pin id="7420" dir="1" index="2" bw="32" slack="2"/>
</pin_list>
<bind>
<opcode="getelementptr(29) " fcode="getelementptr"/>
<opset="gmem_addr/1 "/>
</bind>
</comp>

<comp id="228" class="1004" name="empty_fu_228">
<pin_list>
<pin id="229" dir="0" index="0" bw="1" slack="0"/>
<pin id="230" dir="0" index="1" bw="31" slack="0"/>
<pin id="231" dir="0" index="2" bw="1" slack="0"/>
<pin id="232" dir="1" index="3" bw="31" slack="0"/>
</pin_list>
<bind>
<opcode="select(49) " fcode="select"/>
<opset="empty/1 "/>
</bind>
</comp>

<comp id="236" class="1004" name="zext_ln12_2_fu_236">
<pin_list>
<pin id="7151" dir="0" index="0" bw="31" slack="0"/>
<pin id="7152" dir="1" index="1" bw="32" slack="0"/>
</pin_list>
<bind>
<opcode="zext(34) " fcode="zext"/>
<opset="zext_ln12_2/2 "/>
</bind>
</comp>

<comp id="240" class="1004" name="store_ln12_store_fu_240">
<pin_list>
<pin id="7413" dir="0" index="0" bw="1" slack="0"/>
<pin id="7414" dir="0" index="1" bw="31" slack="0"/>
<pin id="7415" dir="1" index="2" bw="0" slack="2147483647"/>
</pin_list>
<bind>
<opcode="store(28) " fcode="store"/>
<opset="store_ln12/1 "/>
</bind>
</comp>

<comp id="245" class="1004" name="i_1_load_fu_245">
<pin_list>
<pin id="246" dir="0" index="0" bw="31" slack="1"/>
<pin id="247" dir="1" index="1" bw="31" slack="0"/>
</pin_list>
<bind>
<opcode="load(27) " fcode="load"/>
<opset="i_1/2 "/>
</bind>
</comp>

<comp id="248" class="1004" name="zext_ln12_fu_248">
<pin_list>
<pin id="7147" dir="0" index="0" bw="31" slack="0"/>
<pin id="7148" dir="1" index="1" bw="32" slack="2"/>
</pin_list>
<bind>
<opcode="zext(34) " fcode="zext"/>
<opset="zext_ln12/1 "/>
</bind>
</comp>

<comp id="252" class="1004" name="icmp_ln12_fu_252">
<pin_list>
<pin id="6823" dir="0" index="0" bw="32" slack="0"/>
<pin id="6824" dir="0" index="1" bw="1" slack="0"/>
<pin id="6825" dir="1" index="2" bw="1" slack="0"/>
</pin_list>
<bind>
<opcode="icmp(45) " fcode="icmp"/>
<opset="icmp_ln12/1 "/>
</bind>
</comp>

<comp id="257" class="1004" name="add_ln14_fu_257">
<pin_list>
<pin id="7182" dir="0" index="0" bw="31" slack="0"/>
<pin id="7183" dir="0" index="1" bw="62" slack="1"/>
<pin id="7184" dir="1" index="2" bw="63" slack="0"/>
</pin_list>
<bind>
<opcode="add(8) " fcode="add"/>
<opset="add_ln14/2 "/>
</bind>
</comp>

<comp id="263" class="1004" name="zext_ln12_1_fu_263">
<pin_list>
<pin id="6074" dir="0" index="0" bw="31" slack="0"/>
<pin id="6075" dir="1" index="1" bw="63" slack="0"/>
</pin_list>
<bind>
<opcode="zext(34) " fcode="zext"/>
<opset="zext_ln12_1/2 "/>
</bind>
</comp>

<comp id="267" class="1004" name="add_ln12_fu_267">
<pin_list>
<pin id="7175" dir="0" index="0" bw="31" slack="0"/>
<pin id="7176" dir="0" index="1" bw="1" slack="0"/>
<pin id="7177" dir="1" index="2" bw="31" slack="0"/>
</pin_list>
<bind>
<opcode="add(8) " fcode="add"/>
<opset="add_ln12/2 "/>
</bind>
</comp>

<comp id="272" class="1004" name="sext_ln14_fu_272">
<pin_list>
<pin id="7059" dir="0" index="0" bw="63" slack="0"/>
<pin id="7060" dir="1" index="1" bw="64" slack="0"/>
</pin_list>
<bind>
<opcode="sext(35) " fcode="sext"/>
<opset="sext_ln14/2 "/>
</bind>
</comp>

<comp id="276" class="1004" name="gmem_addr_2_fu_276">
<pin_list>
<pin id="7236" dir="0" index="0" bw="32" slack="0"/>
<pin id="7237" dir="0" index="1" bw="63" slack="0"/>
<pin id="7238" dir="1" index="2" bw="32" slack="2"/>
</pin_list>
<bind>
<opcode="getelementptr(29) " fcode="getelementptr"/>
<opset="gmem_addr_2/2 "/>
</bind>
</comp>

<comp id="282" class="1004" name="add_ln14_1_fu_282">
<pin_list>
<pin id="5945" dir="0" index="0" bw="31" slack="0"/>
<pin id="5946" dir="0" index="1" bw="62" slack="1"/>
<pin id="5947" dir="1" index="2" bw="63" slack="0"/>
</pin_list>
<bind>
<opcode="add(8) " fcode="add"/>
<opset="add_ln14_1/2 "/>
</bind>
</comp>

<comp id="287" class="1004" name="sext_ln14_1_fu_287">
<pin_list>
<pin id="7091" dir="0" index="0" bw="63" slack="0"/>
<pin id="7092" dir="1" index="1" bw="64" slack="0"/>
</pin_list>
<bind>
<opcode="sext(35) " fcode="sext"/>
<opset="sext_ln14_1/2 "/>
</bind>
</comp>

<comp id="291" class="1004" name="gmem_addr_1_fu_291">
<pin_list>
<pin id="7230" dir="0" index="0" bw="32" slack="0"/>
<pin id="7231" dir="0" index="1" bw="63" slack="0"/>
<pin id="7232" dir="1" index="2" bw="32" slack="1"/>
</pin_list>
<bind>
<opcode="getelementptr(29) " fcode="getelementptr"/>
<opset="gmem_addr_1/2 "/>
</bind>
</comp>

<comp id="297" class="1004" name="zext_ln12_3_fu_297">
<pin_list>
<pin id="6070" dir="0" index="0" bw="31" slack="0"/>
<pin id="6071" dir="1" index="1" bw="32" slack="0"/>
</pin_list>
<bind>
<opcode="zext(34) " fcode="zext"/>
<opset="zext_ln12_3/2 "/>
</bind>
</comp>

<comp id="301" class="1004" name="icmp_ln12_2_fu_301">
<pin_list>
<pin id="6091" dir="0" index="0" bw="31" slack="0"/>
<pin id="6092" dir="0" index="1" bw="32" slack="1"/>
<pin id="6093" dir="1" index="2" bw="1" slack="14"/>
</pin_list>
<bind>
<opcode="icmp(45) " fcode="icmp"/>
<opset="icmp_ln12_2/2 "/>
</bind>
</comp>

<comp id="306" class="1004" name="store_ln12_store_fu_306">
<pin_list>
<pin id="7333" dir="0" index="0" bw="31" slack="0"/>
<pin id="7334" dir="0" index="1" bw="31" slack="1"/>
<pin id="7335" dir="1" index="2" bw="0" slack="2147483647"/>
</pin_list>
<bind>
<opcode="store(28) " fcode="store"/>
<opset="store_ln12/2 "/>
</bind>
</comp>

<comp id="311" class="1005" name="sext_ln12_1_reg_311">
<pin_list>
<pin id="312" dir="0" index="0" bw="63" slack="1"/>
<pin id="313" dir="1" index="1" bw="63" slack="1"/>
</pin_list>
<bind>
<opset="sext_ln12_1 "/>
</bind>
</comp>

<comp id="318" class="1005" name="size_read_reg_318">
<pin_list>
<pin id="319" dir="0" index="0" bw="32" slack="1"/>
<pin id="320" dir="1" index="1" bw="32" slack="1"/>
</pin_list>
<bind>
<opset="size_read "/>
</bind>
</comp>

<comp id="324" class="1005" name="zext_ln12_reg_324">
<pin_list>
<pin id="325" dir="0" index="0" bw="32" slack="2"/>
<pin id="326" dir="1" index="1" bw="32" slack="2"/>
</pin_list>
<bind>
<opset="zext_ln12 "/>
</bind>
</comp>

<comp id="329" class="1005" name="i_reg_329">
<pin_list>
<pin id="330" dir="0" index="0" bw="31" slack="0"/>
<pin id="331" dir="1" index="1" bw="31" slack="0"/>
</pin_list>
<bind>
<opset="i "/>
</bind>
</comp>

<comp id="334" class="1005" name="gmem_addr_1_reg_334">
<pin_list>
<pin id="335" dir="0" index="0" bw="32" slack="1"/>
<pin id="336" dir="1" index="1" bw="32" slack="1"/>
</pin_list>
<bind>
<opset="gmem_addr_1 "/>
</bind>
</comp>

<comp id="340" class="1005" name="sext_ln12_reg_340">
<pin_list>
<pin id="341" dir="0" index="0" bw="63" slack="1"/>
<pin id="342" dir="1" index="1" bw="63" slack="1"/>
</pin_list>
<bind>
<opset="sext_ln12 "/>
</bind>
</comp>

<comp id="345" class="1005" name="icmp_ln12_2_reg_345">
<pin_list>
<pin id="346" dir="0" index="0" bw="1" slack="14"/>
<pin id="347" dir="1" index="1" bw="1" slack="2147483647"/>
</pin_list>
<bind>
<opset="icmp_ln12_2 "/>
</bind>
</comp>

<comp id="349" class="1005" name="gmem_addr_reg_349">
<pin_list>
<pin id="350" dir="0" index="0" bw="32" slack="2"/>
<pin id="351" dir="1" index="1" bw="32" slack="2"/>
</pin_list>
<bind>
<opset="gmem_addr "/>
</bind>
</comp>

<comp id="355" class="1005" name="gmem_addr_2_read_reg_355">
<pin_list>
<pin id="356" dir="0" index="0" bw="32" slack="1"/>
<pin id="357" dir="1" index="1" bw="32" slack="1"/>
</pin_list>
<bind>
<opset="gmem_addr_2_read "/>
</bind>
</comp>

<comp id="361" class="1005" name="icmp_ln12_1_reg_361">
<pin_list>
<pin id="362" dir="0" index="0" bw="1" slack="1"/>
<pin id="363" dir="1" index="1" bw="1" slack="2147483647"/>
</pin_list>
<bind>
<opset="icmp_ln12_1 "/>
</bind>
</comp>

<comp id="365" class="1005" name="mul_ln14_reg_365">
<pin_list>
<pin id="366" dir="0" index="0" bw="32" slack="1"/>
<pin id="367" dir="1" index="1" bw="32" slack="1"/>
</pin_list>
<bind>
<opset="mul_ln14 "/>
</bind>
</comp>

<comp id="370" class="1005" name="gmem_addr_2_reg_370">
<pin_list>
<pin id="371" dir="0" index="0" bw="32" slack="2"/>
<pin id="372" dir="1" index="1" bw="32" slack="2"/>
</pin_list>
<bind>
<opset="gmem_addr_2 "/>
</bind>
</comp>

<comp id="375" class="1005" name="gmem_addr_1_read_reg_375">
<pin_list>
<pin id="376" dir="0" index="0" bw="32" slack="2"/>
<pin id="377" dir="1" index="1" bw="32" slack="2"/>
</pin_list>
<bind>
<opset="gmem_addr_1_read "/>
</bind>
</comp>

</comp_list>

<net_list>
<net id="89"><net_src comp="10" pin="0"/><net_sink comp="86" pin=0"/></net>

<net id="94"><net_src comp="12" pin="0"/><net_sink comp="90" pin=0"/></net>

<net id="95"><net_src comp="8" pin="0"/><net_sink comp="90" pin=1"/></net>

<net id="100"><net_src comp="12" pin="0"/><net_sink comp="96" pin=0"/></net>

<net id="101"><net_src comp="6" pin="0"/><net_sink comp="96" pin=1"/></net>

<net id="106"><net_src comp="12" pin="0"/><net_sink comp="102" pin=0"/></net>

<net id="107"><net_src comp="4" pin="0"/><net_sink comp="102" pin=1"/></net>

<net id="112"><net_src comp="14" pin="0"/><net_sink comp="108" pin=0"/></net>

<net id="113"><net_src comp="2" pin="0"/><net_sink comp="108" pin=1"/></net>

<net id="119"><net_src comp="68" pin="0"/><net_sink comp="114" pin=0"/></net>

<net id="125"><net_src comp="70" pin="0"/><net_sink comp="120" pin=0"/></net>

<net id="126"><net_src comp="10" pin="0"/><net_sink comp="120" pin=2"/></net>

<net id="132"><net_src comp="70" pin="0"/><net_sink comp="127" pin=0"/></net>

<net id="133"><net_src comp="10" pin="0"/><net_sink comp="127" pin=2"/></net>

<net id="138"><net_src comp="72" pin="0"/><net_sink comp="134" pin=0"/></net>

<net id="143"><net_src comp="72" pin="0"/><net_sink comp="139" pin=0"/></net>

<net id="150"><net_src comp="80" pin="0"/><net_sink comp="144" pin=0"/></net>

<net id="151"><net_src comp="82" pin="0"/><net_sink comp="144" pin=3"/></net>

<net id="152"><net_src comp="84" pin="0"/><net_sink comp="114" pin=0"/></net>

<net id="156"><net_src comp="64" pin="0"/><net_sink comp="153" pin=0"/></net>

<net id="163"><net_src comp="62" pin="0"/><net_sink comp="157" pin=0"/></net>

<net id="164"><net_src comp="153" pin="1"/><net_sink comp="157" pin=2"/></net>

<net id="165"><net_src comp="157" pin="4"/><net_sink comp="153" pin=0"/></net>

<net id="173"><net_src comp="108" pin="2"/><net_sink comp="170" pin=0"/></net>

<net id="234"><net_src comp="170" pin="1"/><net_sink comp="228" pin=1"/></net>

<net id="235"><net_src comp="60" pin="0"/><net_sink comp="228" pin=2"/></net>

<net id="5512"><net_src comp="54" pin="0"/><net_sink comp="208" pin=0"/></net>

<net id="5513"><net_src comp="90" pin="2"/><net_sink comp="208" pin=1"/></net>

<net id="5514"><net_src comp="56" pin="0"/><net_sink comp="208" pin=2"/></net>

<net id="5515"><net_src comp="58" pin="0"/><net_sink comp="208" pin=3"/></net>

<net id="6076"><net_src comp="245" pin="1"/><net_sink comp="263" pin=0"/></net>

<net id="6078"><net_src comp="263" pin="1"/><net_sink comp="282" pin=0"/></net>

<net id="6094"><net_src comp="297" pin="1"/><net_sink comp="301" pin=0"/></net>

<net id="6821"><net_src comp="134" pin="2"/><net_sink comp="375" pin=0"/></net>

<net id="6822"><net_src comp="375" pin="1"/><net_sink comp="166" pin=1"/></net>

<net id="6826"><net_src comp="108" pin="2"/><net_sink comp="252" pin=0"/></net>

<net id="6827"><net_src comp="24" pin="0"/><net_sink comp="252" pin=1"/></net>

<net id="6828"><net_src comp="252" pin="2"/><net_sink comp="228" pin=0"/></net>

<net id="6924"><net_src comp="54" pin="0"/><net_sink comp="194" pin=0"/></net>

<net id="6925"><net_src comp="102" pin="2"/><net_sink comp="194" pin=1"/></net>

<net id="6926"><net_src comp="56" pin="0"/><net_sink comp="194" pin=2"/></net>

<net id="6927"><net_src comp="58" pin="0"/><net_sink comp="194" pin=3"/></net>

<net id="6934"><net_src comp="54" pin="0"/><net_sink comp="180" pin=0"/></net>

<net id="6935"><net_src comp="96" pin="2"/><net_sink comp="180" pin=1"/></net>

<net id="6936"><net_src comp="56" pin="0"/><net_sink comp="180" pin=2"/></net>

<net id="6937"><net_src comp="58" pin="0"/><net_sink comp="180" pin=3"/></net>

<net id="7029"><net_src comp="208" pin="4"/><net_sink comp="218" pin=0"/></net>

<net id="7093"><net_src comp="282" pin="2"/><net_sink comp="287" pin=0"/></net>

<net id="7101"><net_src comp="194" pin="4"/><net_sink comp="204" pin=0"/></net>

<net id="7105"><net_src comp="180" pin="4"/><net_sink comp="190" pin=0"/></net>

<net id="7149"><net_src comp="228" pin="3"/><net_sink comp="248" pin=0"/></net>

<net id="7153"><net_src comp="245" pin="1"/><net_sink comp="236" pin=0"/></net>

<net id="7154"><net_src comp="236" pin="1"/><net_sink comp="174" pin=0"/></net>

<net id="7178"><net_src comp="245" pin="1"/><net_sink comp="267" pin=0"/></net>

<net id="7179"><net_src comp="66" pin="0"/><net_sink comp="267" pin=1"/></net>

<net id="7180"><net_src comp="267" pin="2"/><net_sink comp="297" pin=0"/></net>

<net id="7185"><net_src comp="263" pin="1"/><net_sink comp="257" pin=0"/></net>

<net id="7187"><net_src comp="257" pin="2"/><net_sink comp="272" pin=0"/></net>

<net id="7233"><net_src comp="0" pin="0"/><net_sink comp="291" pin=0"/></net>

<net id="7234"><net_src comp="272" pin="1"/><net_sink comp="291" pin=1"/></net>

<net id="7239"><net_src comp="0" pin="0"/><net_sink comp="276" pin=0"/></net>

<net id="7240"><net_src comp="287" pin="1"/><net_sink comp="276" pin=1"/></net>

<net id="7308"><net_src comp="86" pin="1"/><net_sink comp="329" pin=0"/></net>

<net id="7310"><net_src comp="329" pin="1"/><net_sink comp="245" pin=0"/></net>

<net id="7312"><net_src comp="248" pin="1"/><net_sink comp="324" pin=0"/></net>

<net id="7313"><net_src comp="324" pin="1"/><net_sink comp="114" pin=2"/></net>

<net id="7337"><net_src comp="329" pin="1"/><net_sink comp="306" pin=1"/></net>

<net id="7338"><net_src comp="108" pin="2"/><net_sink comp="318" pin=0"/></net>

<net id="7339"><net_src comp="318" pin="1"/><net_sink comp="174" pin=1"/></net>

<net id="7340"><net_src comp="318" pin="1"/><net_sink comp="301" pin=1"/></net>

<net id="7341"><net_src comp="190" pin="1"/><net_sink comp="311" pin=0"/></net>

<net id="7342"><net_src comp="311" pin="1"/><net_sink comp="282" pin=1"/></net>

<net id="7343"><net_src comp="204" pin="1"/><net_sink comp="340" pin=0"/></net>

<net id="7344"><net_src comp="340" pin="1"/><net_sink comp="257" pin=1"/></net>

<net id="7345"><net_src comp="291" pin="2"/><net_sink comp="334" pin=0"/></net>

<net id="7346"><net_src comp="334" pin="1"/><net_sink comp="120" pin=1"/></net>

<net id="7347"><net_src comp="334" pin="1"/><net_sink comp="134" pin=1"/></net>

<net id="7349"><net_src comp="349" pin="1"/><net_sink comp="114" pin=1"/></net>

<net id="7350"><net_src comp="349" pin="1"/><net_sink comp="144" pin=1"/></net>

<net id="7351"><net_src comp="301" pin="2"/><net_sink comp="345" pin=0"/></net>

<net id="7368"><net_src comp="174" pin="2"/><net_sink comp="361" pin=0"/></net>

<net id="7369"><net_src comp="139" pin="2"/><net_sink comp="355" pin=0"/></net>

<net id="7370"><net_src comp="355" pin="1"/><net_sink comp="166" pin=0"/></net>

<net id="7371"><net_src comp="276" pin="2"/><net_sink comp="370" pin=0"/></net>

<net id="7372"><net_src comp="370" pin="1"/><net_sink comp="127" pin=1"/></net>

<net id="7373"><net_src comp="370" pin="1"/><net_sink comp="139" pin=1"/></net>

<net id="7374"><net_src comp="166" pin="2"/><net_sink comp="365" pin=0"/></net>

<net id="7375"><net_src comp="365" pin="1"/><net_sink comp="144" pin=2"/></net>

<net id="7412"><net_src comp="267" pin="2"/><net_sink comp="306" pin=0"/></net>

<net id="7416"><net_src comp="60" pin="0"/><net_sink comp="240" pin=0"/></net>

<net id="7417"><net_src comp="329" pin="1"/><net_sink comp="240" pin=1"/></net>

<net id="7421"><net_src comp="0" pin="0"/><net_sink comp="222" pin=0"/></net>

<net id="7422"><net_src comp="218" pin="1"/><net_sink comp="222" pin=1"/></net>

<net id="7423"><net_src comp="222" pin="2"/><net_sink comp="349" pin=0"/></net>

</net_list>

</model> 
---------------- Datapath Model END ------------------

* FSMD analyzer results:
  - Output states:
	Port: gmem | {3 15 16 17 18 19 20 }
 - Input state : 
	Port: vect_mult : gmem | {3 4 5 6 7 8 9 10 11 12 }
	Port: vect_mult : size | {1 }
	Port: vect_mult : a | {1 }
	Port: vect_mult : b | {1 }
	Port: vect_mult : c | {1 }
  - Chain level:
	State 1
		sext_ln12 : 1
		sext_ln12_1 : 1
		sext_ln12_2 : 1
		gmem_addr : 2
		empty : 1
		zext_ln12 : 2
		store_ln12 : 1
	State 2
		zext_ln12_2 : 1
		icmp_ln12_1 : 2
		add_ln12 : 1
		br_ln12 : 3
		br_ln12 : 1
		zext_ln12_1 : 1
		add_ln14 : 2
		sext_ln14 : 3
		gmem_addr_1 : 4
		add_ln14_1 : 2
		sext_ln14_1 : 3
		gmem_addr_2 : 4
		zext_ln12_3 : 2
		icmp_ln12_2 : 3
		br_ln12 : 4
		store_ln12 : 2
	State 3
	State 4
	State 5
	State 6
	State 7
	State 8
	State 9
	State 10
	State 11
	State 12
	State 13
	State 14
	State 15
	State 16
	State 17
	State 18
	State 19
	State 20
	State 21


============================================================
+ Verbose Summary: Datapath Resource usage 
============================================================

* Functional unit list:
|----------|------------------------------|---------|---------|---------|
| Operation|        Functional Unit       |   DSP   |    FF   |   LUT   |
|----------|------------------------------|---------|---------|---------|
|    mul   |          grp_fu_166          |    3    |   165   |    49   |
|----------|------------------------------|---------|---------|---------|
|          |        add_ln14_fu_257       |    0    |    0    |    69   |
|    add   |        add_ln12_fu_267       |    0    |    0    |    38   |
|          |       add_ln14_1_fu_282      |    0    |    0    |    69   |
|----------|------------------------------|---------|---------|---------|
|          |      icmp_ln12_1_fu_174      |    0    |    0    |    39   |
|   icmp   |       icmp_ln12_fu_252       |    0    |    0    |    39   |
|          |      icmp_ln12_2_fu_301      |    0    |    0    |    39   |
|----------|------------------------------|---------|---------|---------|
|  select  |         empty_fu_228         |    0    |    0    |    31   |
|----------|------------------------------|---------|---------|---------|
|          |       c_read_read_fu_90      |    0    |    0    |    0    |
|          |       b_read_read_fu_96      |    0    |    0    |    0    |
|   read   |      a_read_read_fu_102      |    0    |    0    |    0    |
|          |     size_read_read_fu_108    |    0    |    0    |    0    |
|          | gmem_addr_1_read_read_fu_134 |    0    |    0    |    0    |
|          | gmem_addr_2_read_read_fu_139 |    0    |    0    |    0    |
|----------|------------------------------|---------|---------|---------|
| writeresp|     grp_writeresp_fu_114     |    0    |    0    |    0    |
|----------|------------------------------|---------|---------|---------|
|  readreq |      grp_readreq_fu_120      |    0    |    0    |    0    |
|          |      grp_readreq_fu_127      |    0    |    0    |    0    |
|----------|------------------------------|---------|---------|---------|
|   write  |    write_ln14_write_fu_144   |    0    |    0    |    0    |
|----------|------------------------------|---------|---------|---------|
|   trunc  |       trunc_ln3_fu_170       |    0    |    0    |    0    |
|----------|------------------------------|---------|---------|---------|
|          |      trunc_ln12_1_fu_180     |    0    |    0    |    0    |
|partselect|        trunc_ln_fu_194       |    0    |    0    |    0    |
|          |      trunc_ln12_2_fu_208     |    0    |    0    |    0    |
|----------|------------------------------|---------|---------|---------|
|          |      sext_ln12_1_fu_190      |    0    |    0    |    0    |
|          |       sext_ln12_fu_204       |    0    |    0    |    0    |
|   sext   |      sext_ln12_2_fu_218      |    0    |    0    |    0    |
|          |       sext_ln14_fu_272       |    0    |    0    |    0    |
|          |      sext_ln14_1_fu_287      |    0    |    0    |    0    |
|----------|------------------------------|---------|---------|---------|
|          |      zext_ln12_2_fu_236      |    0    |    0    |    0    |
|   zext   |       zext_ln12_fu_248       |    0    |    0    |    0    |
|          |      zext_ln12_1_fu_263      |    0    |    0    |    0    |
|          |      zext_ln12_3_fu_297      |    0    |    0    |    0    |
|----------|------------------------------|---------|---------|---------|
|   Total  |                              |    3    |   165   |   373   |
|----------|------------------------------|---------|---------|---------|

Memories:
N/A

* Register list:
+------------------------+--------+
|                        |   FF   |
+------------------------+--------+
|  first_iter_0_reg_153  |    1   |
|gmem_addr_1_read_reg_375|   32   |
|   gmem_addr_1_reg_334  |   32   |
|gmem_addr_2_read_reg_355|   32   |
|   gmem_addr_2_reg_370  |   32   |
|    gmem_addr_reg_349   |   32   |
|        i_reg_329       |   31   |
|   icmp_ln12_1_reg_361  |    1   |
|   icmp_ln12_2_reg_345  |    1   |
|    mul_ln14_reg_365    |   32   |
|   sext_ln12_1_reg_311  |   63   |
|    sext_ln12_reg_340   |   63   |
|    size_read_reg_318   |   32   |
|    zext_ln12_reg_324   |   32   |
+------------------------+--------+
|          Total         |   416  |
+------------------------+--------+

* Multiplexer (MUX) list: 
|----------------------|------|------|------|--------||---------||---------|
|         Comp         |  Pin | Size |  BW  | S x BW ||  Delay  ||   LUT   |
|----------------------|------|------|------|--------||---------||---------|
| grp_writeresp_fu_114 |  p0  |   2  |   1  |    2   |
| first_iter_0_reg_153 |  p0  |   2  |   1  |    2   ||    9    |
|----------------------|------|------|------|--------||---------||---------|
|         Total        |      |      |      |    4   ||  0.774  ||    9    |
|----------------------|------|------|------|--------||---------||---------|



* Summary:
+-----------+--------+--------+--------+--------+
|           |   DSP  |  Delay |   FF   |   LUT  |
+-----------+--------+--------+--------+--------+
|  Function |    3   |    -   |   165  |   373  |
|   Memory  |    -   |    -   |    -   |    -   |
|Multiplexer|    -   |    0   |    -   |    9   |
|  Register |    -   |    -   |   416  |    -   |
+-----------+--------+--------+--------+--------+
|   Total   |    3   |    0   |   581  |   382  |
+-----------+--------+--------+--------+--------+
